
C:\Users\ponyj\AppData\Local\Temp\arduino_build_806974/Arrancador_N.E._attiny13a.ino.elf:     file format elf32-avr


Disassembly of section .text:

00000000 <__vectors>:
__vectors():
   0:	09 c0       	rjmp	.+18     	; 0x14 <__ctors_end>
   2:	a9 c0       	rjmp	.+338    	; 0x156 <__bad_interrupt>
   4:	a8 c0       	rjmp	.+336    	; 0x156 <__bad_interrupt>
   6:	39 c1       	rjmp	.+626    	; 0x27a <__vector_3>
   8:	a6 c0       	rjmp	.+332    	; 0x156 <__bad_interrupt>
   a:	a5 c0       	rjmp	.+330    	; 0x156 <__bad_interrupt>
   c:	a4 c0       	rjmp	.+328    	; 0x156 <__bad_interrupt>
   e:	a3 c0       	rjmp	.+326    	; 0x156 <__bad_interrupt>
  10:	a2 c0       	rjmp	.+324    	; 0x156 <__bad_interrupt>
  12:	a1 c0       	rjmp	.+322    	; 0x156 <__bad_interrupt>

00000014 <__ctors_end>:
__trampolines_start():
  14:	11 24       	eor	r1, r1
  16:	1f be       	out	0x3f, r1	; 63
  18:	cf e9       	ldi	r28, 0x9F	; 159
  1a:	cd bf       	out	0x3d, r28	; 61

0000001c <__do_clear_bss>:
__do_clear_bss():
/home/jenkins-mingw32/workspace/avr-gcc-staging/label/Ubuntu14.04x64-mingw32/gcc-build/avr/avr25/tiny-stack/libgcc/../../../../../gcc/libgcc/config/avr/lib1funcs.S:2441
  1c:	20 e0       	ldi	r18, 0x00	; 0
/home/jenkins-mingw32/workspace/avr-gcc-staging/label/Ubuntu14.04x64-mingw32/gcc-build/avr/avr25/tiny-stack/libgcc/../../../../../gcc/libgcc/config/avr/lib1funcs.S:2442
  1e:	a0 e6       	ldi	r26, 0x60	; 96
/home/jenkins-mingw32/workspace/avr-gcc-staging/label/Ubuntu14.04x64-mingw32/gcc-build/avr/avr25/tiny-stack/libgcc/../../../../../gcc/libgcc/config/avr/lib1funcs.S:2443
  20:	b0 e0       	ldi	r27, 0x00	; 0
/home/jenkins-mingw32/workspace/avr-gcc-staging/label/Ubuntu14.04x64-mingw32/gcc-build/avr/avr25/tiny-stack/libgcc/../../../../../gcc/libgcc/config/avr/lib1funcs.S:2444
  22:	01 c0       	rjmp	.+2      	; 0x26 <.do_clear_bss_start>

00000024 <.do_clear_bss_loop>:
/home/jenkins-mingw32/workspace/avr-gcc-staging/label/Ubuntu14.04x64-mingw32/gcc-build/avr/avr25/tiny-stack/libgcc/../../../../../gcc/libgcc/config/avr/lib1funcs.S:2446
  24:	1d 92       	st	X+, r1

00000026 <.do_clear_bss_start>:
/home/jenkins-mingw32/workspace/avr-gcc-staging/label/Ubuntu14.04x64-mingw32/gcc-build/avr/avr25/tiny-stack/libgcc/../../../../../gcc/libgcc/config/avr/lib1funcs.S:2448
  26:	a4 37       	cpi	r26, 0x74	; 116
/home/jenkins-mingw32/workspace/avr-gcc-staging/label/Ubuntu14.04x64-mingw32/gcc-build/avr/avr25/tiny-stack/libgcc/../../../../../gcc/libgcc/config/avr/lib1funcs.S:2449
  28:	b2 07       	cpc	r27, r18
/home/jenkins-mingw32/workspace/avr-gcc-staging/label/Ubuntu14.04x64-mingw32/gcc-build/avr/avr25/tiny-stack/libgcc/../../../../../gcc/libgcc/config/avr/lib1funcs.S:2450
  2a:	e1 f7       	brne	.-8      	; 0x24 <.do_clear_bss_loop>
.do_clear_bss_start():
  2c:	01 d0       	rcall	.+2      	; 0x30 <main>
  2e:	7f c1       	rjmp	.+766    	; 0x32e <_exit>

00000030 <main>:
main():
C:\Users\ponyj\AppData\Local\Arduino15\packages\MicroCore\hardware\avr\2.0.2\cores\microcore/wiring.c:153
{
  // WARNING! Enabling micros() will affect timing functions!
  #ifdef ENABLE_MICROS
    // Set a suited prescaler based on F_CPU
    #if F_CPU >= 4800000L
      TCCR0B = _BV(CS00) | _BV(CS01); // F_CPU/64
  30:	83 e0       	ldi	r24, 0x03	; 3
  32:	83 bf       	out	0x33, r24	; 51
C:\Users\ponyj\AppData\Local\Arduino15\packages\MicroCore\hardware\avr\2.0.2\cores\microcore/wiring.c:158
    #else
      TCCR0B = _BV(CS01);             // F_CPU/8
    #endif
    // Enable overflow interrupt on Timer0
    TIMSK0 = _BV(TOIE0);
  34:	82 e0       	ldi	r24, 0x02	; 2
  36:	89 bf       	out	0x39, r24	; 57
C:\Users\ponyj\AppData\Local\Arduino15\packages\MicroCore\hardware\avr\2.0.2\cores\microcore/wiring.c:160
    // Set timer0 couter to zero
    TCNT0 = 0;
  38:	12 be       	out	0x32, r1	; 50
C:\Users\ponyj\AppData\Local\Arduino15\packages\MicroCore\hardware\avr\2.0.2\cores\microcore/wiring.c:162
    // Turn on global interrupts
    sei();
  3a:	78 94       	sei
setup():
D:\Electronica\Proyectos\NUT-engineering\Electronica y Robótica para Desarrollo\Modulos\Arrancador IR\v1\Programacion\Modulo-arrancador-N.E.-Team\Arrancador_N.E._attiny13a/Arrancador_N.E._attiny13a.ino:38
  3c:	87 b3       	in	r24, 0x17	; 23
  3e:	85 61       	ori	r24, 0x15	; 21
  40:	87 bb       	out	0x17, r24	; 23
D:\Electronica\Proyectos\NUT-engineering\Electronica y Robótica para Desarrollo\Modulos\Arrancador IR\v1\Programacion\Modulo-arrancador-N.E.-Team\Arrancador_N.E._attiny13a/Arrancador_N.E._attiny13a.ino:39
  42:	87 b3       	in	r24, 0x17	; 23
  44:	85 7f       	andi	r24, 0xF5	; 245
  46:	87 bb       	out	0x17, r24	; 23
D:\Electronica\Proyectos\NUT-engineering\Electronica y Robótica para Desarrollo\Modulos\Arrancador IR\v1\Programacion\Modulo-arrancador-N.E.-Team\Arrancador_N.E._attiny13a/Arrancador_N.E._attiny13a.ino:40
  48:	c3 9a       	sbi	0x18, 3	; 24
D:\Electronica\Proyectos\NUT-engineering\Electronica y Robótica para Desarrollo\Modulos\Arrancador IR\v1\Programacion\Modulo-arrancador-N.E.-Team\Arrancador_N.E._attiny13a/Arrancador_N.E._attiny13a.ino:51
  4a:	81 e0       	ldi	r24, 0x01	; 1
  4c:	80 93 73 00 	sts	0x0073, r24	; 0x800073 <state>
D:\Electronica\Proyectos\NUT-engineering\Electronica y Robótica para Desarrollo\Modulos\Arrancador IR\v1\Programacion\Modulo-arrancador-N.E.-Team\Arrancador_N.E._attiny13a/Arrancador_N.E._attiny13a.ino:53
  50:	85 b7       	in	r24, 0x35	; 53
  52:	8d 7f       	andi	r24, 0xFD	; 253
  54:	85 bf       	out	0x35, r24	; 53
D:\Electronica\Proyectos\NUT-engineering\Electronica y Robótica para Desarrollo\Modulos\Arrancador IR\v1\Programacion\Modulo-arrancador-N.E.-Team\Arrancador_N.E._attiny13a/Arrancador_N.E._attiny13a.ino:54
  56:	85 b7       	in	r24, 0x35	; 53
  58:	8e 7f       	andi	r24, 0xFE	; 254
  5a:	85 bf       	out	0x35, r24	; 53
D:\Electronica\Proyectos\NUT-engineering\Electronica y Robótica para Desarrollo\Modulos\Arrancador IR\v1\Programacion\Modulo-arrancador-N.E.-Team\Arrancador_N.E._attiny13a/Arrancador_N.E._attiny13a.ino:55
  5c:	8b b7       	in	r24, 0x3b	; 59
  5e:	80 64       	ori	r24, 0x40	; 64
  60:	8b bf       	out	0x3b, r24	; 59
D:\Electronica\Proyectos\NUT-engineering\Electronica y Robótica para Desarrollo\Modulos\Arrancador IR\v1\Programacion\Modulo-arrancador-N.E.-Team\Arrancador_N.E._attiny13a/Arrancador_N.E._attiny13a.ino:56
  62:	8b b7       	in	r24, 0x3b	; 59
  64:	8f 7d       	andi	r24, 0xDF	; 223
  66:	8b bf       	out	0x3b, r24	; 59
D:\Electronica\Proyectos\NUT-engineering\Electronica y Robótica para Desarrollo\Modulos\Arrancador IR\v1\Programacion\Modulo-arrancador-N.E.-Team\Arrancador_N.E._attiny13a/Arrancador_N.E._attiny13a.ino:58
  68:	78 94       	sei
loop():
D:\Electronica\Proyectos\NUT-engineering\Electronica y Robótica para Desarrollo\Modulos\Arrancador IR\v1\Programacion\Modulo-arrancador-N.E.-Team\Arrancador_N.E._attiny13a/Arrancador_N.E._attiny13a.ino:62
  6a:	80 91 73 00 	lds	r24, 0x0073	; 0x800073 <state>
  6e:	81 30       	cpi	r24, 0x01	; 1
  70:	a9 f0       	breq	.+42     	; 0x9c <__SREG__+0x5d>
  72:	78 f0       	brcs	.+30     	; 0x92 <__SREG__+0x53>
  74:	82 30       	cpi	r24, 0x02	; 2
  76:	b9 f0       	breq	.+46     	; 0xa6 <__stack+0x7>
D:\Electronica\Proyectos\NUT-engineering\Electronica y Robótica para Desarrollo\Modulos\Arrancador IR\v1\Programacion\Modulo-arrancador-N.E.-Team\Arrancador_N.E._attiny13a/Arrancador_N.E._attiny13a.ino:91
  78:	86 b3       	in	r24, 0x16	; 22
D:\Electronica\Proyectos\NUT-engineering\Electronica y Robótica para Desarrollo\Modulos\Arrancador IR\v1\Programacion\Modulo-arrancador-N.E.-Team\Arrancador_N.E._attiny13a/Arrancador_N.E._attiny13a.ino:93
  7a:	80 91 72 00 	lds	r24, 0x0072	; 0x800072 <signal_available>
  7e:	88 23       	and	r24, r24
  80:	29 f1       	breq	.+74     	; 0xcc <__stack+0x2d>
D:\Electronica\Proyectos\NUT-engineering\Electronica y Robótica para Desarrollo\Modulos\Arrancador IR\v1\Programacion\Modulo-arrancador-N.E.-Team\Arrancador_N.E._attiny13a/Arrancador_N.E._attiny13a.ino:94
  82:	7c d0       	rcall	.+248    	; 0x17c <readSenalBytes()>
D:\Electronica\Proyectos\NUT-engineering\Electronica y Robótica para Desarrollo\Modulos\Arrancador IR\v1\Programacion\Modulo-arrancador-N.E.-Team\Arrancador_N.E._attiny13a/Arrancador_N.E._attiny13a.ino:96
  84:	80 e0       	ldi	r24, 0x00	; 0
  86:	c6 d0       	rcall	.+396    	; 0x214 <Compare_Senals(unsigned char)>
  88:	88 23       	and	r24, r24
  8a:	91 f0       	breq	.+36     	; 0xb0 <__stack+0x11>
D:\Electronica\Proyectos\NUT-engineering\Electronica y Robótica para Desarrollo\Modulos\Arrancador IR\v1\Programacion\Modulo-arrancador-N.E.-Team\Arrancador_N.E._attiny13a/Arrancador_N.E._attiny13a.ino:97
  8c:	10 92 73 00 	sts	0x0073, r1	; 0x800073 <state>
  90:	ec cf       	rjmp	.-40     	; 0x6a <__SREG__+0x2b>
D:\Electronica\Proyectos\NUT-engineering\Electronica y Robótica para Desarrollo\Modulos\Arrancador IR\v1\Programacion\Modulo-arrancador-N.E.-Team\Arrancador_N.E._attiny13a/Arrancador_N.E._attiny13a.ino:64
  92:	88 b3       	in	r24, 0x18	; 24
  94:	81 61       	ori	r24, 0x11	; 17
  96:	88 bb       	out	0x18, r24	; 24
D:\Electronica\Proyectos\NUT-engineering\Electronica y Robótica para Desarrollo\Modulos\Arrancador IR\v1\Programacion\Modulo-arrancador-N.E.-Team\Arrancador_N.E._attiny13a/Arrancador_N.E._attiny13a.ino:65
  98:	c2 98       	cbi	0x18, 2	; 24
  9a:	ee cf       	rjmp	.-36     	; 0x78 <__SREG__+0x39>
D:\Electronica\Proyectos\NUT-engineering\Electronica y Robótica para Desarrollo\Modulos\Arrancador IR\v1\Programacion\Modulo-arrancador-N.E.-Team\Arrancador_N.E._attiny13a/Arrancador_N.E._attiny13a.ino:72
  9c:	c2 9a       	sbi	0x18, 2	; 24
D:\Electronica\Proyectos\NUT-engineering\Electronica y Robótica para Desarrollo\Modulos\Arrancador IR\v1\Programacion\Modulo-arrancador-N.E.-Team\Arrancador_N.E._attiny13a/Arrancador_N.E._attiny13a.ino:73
  9e:	88 b3       	in	r24, 0x18	; 24
  a0:	8e 7e       	andi	r24, 0xEE	; 238
  a2:	88 bb       	out	0x18, r24	; 24
  a4:	e9 cf       	rjmp	.-46     	; 0x78 <__SREG__+0x39>
D:\Electronica\Proyectos\NUT-engineering\Electronica y Robótica para Desarrollo\Modulos\Arrancador IR\v1\Programacion\Modulo-arrancador-N.E.-Team\Arrancador_N.E._attiny13a/Arrancador_N.E._attiny13a.ino:80
  a6:	88 b3       	in	r24, 0x18	; 24
  a8:	85 60       	ori	r24, 0x05	; 5
  aa:	88 bb       	out	0x18, r24	; 24
D:\Electronica\Proyectos\NUT-engineering\Electronica y Robótica para Desarrollo\Modulos\Arrancador IR\v1\Programacion\Modulo-arrancador-N.E.-Team\Arrancador_N.E._attiny13a/Arrancador_N.E._attiny13a.ino:81
  ac:	c4 98       	cbi	0x18, 4	; 24
  ae:	e4 cf       	rjmp	.-56     	; 0x78 <__SREG__+0x39>
D:\Electronica\Proyectos\NUT-engineering\Electronica y Robótica para Desarrollo\Modulos\Arrancador IR\v1\Programacion\Modulo-arrancador-N.E.-Team\Arrancador_N.E._attiny13a/Arrancador_N.E._attiny13a.ino:99
  b0:	81 e0       	ldi	r24, 0x01	; 1
  b2:	b0 d0       	rcall	.+352    	; 0x214 <Compare_Senals(unsigned char)>
  b4:	88 23       	and	r24, r24
  b6:	21 f0       	breq	.+8      	; 0xc0 <__stack+0x21>
D:\Electronica\Proyectos\NUT-engineering\Electronica y Robótica para Desarrollo\Modulos\Arrancador IR\v1\Programacion\Modulo-arrancador-N.E.-Team\Arrancador_N.E._attiny13a/Arrancador_N.E._attiny13a.ino:100
  b8:	81 e0       	ldi	r24, 0x01	; 1
D:\Electronica\Proyectos\NUT-engineering\Electronica y Robótica para Desarrollo\Modulos\Arrancador IR\v1\Programacion\Modulo-arrancador-N.E.-Team\Arrancador_N.E._attiny13a/Arrancador_N.E._attiny13a.ino:103
  ba:	80 93 73 00 	sts	0x0073, r24	; 0x800073 <state>
  be:	d5 cf       	rjmp	.-86     	; 0x6a <__SREG__+0x2b>
D:\Electronica\Proyectos\NUT-engineering\Electronica y Robótica para Desarrollo\Modulos\Arrancador IR\v1\Programacion\Modulo-arrancador-N.E.-Team\Arrancador_N.E._attiny13a/Arrancador_N.E._attiny13a.ino:102
  c0:	82 e0       	ldi	r24, 0x02	; 2
  c2:	a8 d0       	rcall	.+336    	; 0x214 <Compare_Senals(unsigned char)>
  c4:	88 23       	and	r24, r24
  c6:	89 f2       	breq	.-94     	; 0x6a <__SREG__+0x2b>
D:\Electronica\Proyectos\NUT-engineering\Electronica y Robótica para Desarrollo\Modulos\Arrancador IR\v1\Programacion\Modulo-arrancador-N.E.-Team\Arrancador_N.E._attiny13a/Arrancador_N.E._attiny13a.ino:103
  c8:	82 e0       	ldi	r24, 0x02	; 2
  ca:	f7 cf       	rjmp	.-18     	; 0xba <__stack+0x1b>
D:\Electronica\Proyectos\NUT-engineering\Electronica y Robótica para Desarrollo\Modulos\Arrancador IR\v1\Programacion\Modulo-arrancador-N.E.-Team\Arrancador_N.E._attiny13a/Arrancador_N.E._attiny13a.ino:108
  cc:	b3 99       	sbic	0x16, 3	; 22
  ce:	cd cf       	rjmp	.-102    	; 0x6a <__SREG__+0x2b>
D:\Electronica\Proyectos\NUT-engineering\Electronica y Robótica para Desarrollo\Modulos\Arrancador IR\v1\Programacion\Modulo-arrancador-N.E.-Team\Arrancador_N.E._attiny13a/Arrancador_N.E._attiny13a.ino:109
  d0:	10 92 71 00 	sts	0x0071, r1	; 0x800071 <i>
  d4:	80 91 71 00 	lds	r24, 0x0071	; 0x800071 <i>
D:\Electronica\Proyectos\NUT-engineering\Electronica y Robótica para Desarrollo\Modulos\Arrancador IR\v1\Programacion\Modulo-arrancador-N.E.-Team\Arrancador_N.E._attiny13a/Arrancador_N.E._attiny13a.ino:110
  d8:	b3 99       	sbic	0x16, 3	; 22
  da:	11 c0       	rjmp	.+34     	; 0xfe <__stack+0x5f>
  dc:	83 30       	cpi	r24, 0x03	; 3
  de:	78 f4       	brcc	.+30     	; 0xfe <__stack+0x5f>
_delay_ms():
c:\program files (x86)\arduino\hardware\tools\avr\avr\include\util/delay.h:187
	#else
		//round up by default
		__ticks_dc = (uint32_t)(ceil(fabs(__tmp)));
	#endif

	__builtin_avr_delay_cycles(__ticks_dc);
  e0:	2f ef       	ldi	r18, 0xFF	; 255
  e2:	8b e4       	ldi	r24, 0x4B	; 75
  e4:	9d e1       	ldi	r25, 0x1D	; 29
  e6:	21 50       	subi	r18, 0x01	; 1
  e8:	80 40       	sbci	r24, 0x00	; 0
  ea:	90 40       	sbci	r25, 0x00	; 0
  ec:	e1 f7       	brne	.-8      	; 0xe6 <__stack+0x47>
  ee:	00 c0       	rjmp	.+0      	; 0xf0 <__stack+0x51>
  f0:	00 00       	nop
loop():
D:\Electronica\Proyectos\NUT-engineering\Electronica y Robótica para Desarrollo\Modulos\Arrancador IR\v1\Programacion\Modulo-arrancador-N.E.-Team\Arrancador_N.E._attiny13a/Arrancador_N.E._attiny13a.ino:112
  f2:	80 91 71 00 	lds	r24, 0x0071	; 0x800071 <i>
  f6:	8f 5f       	subi	r24, 0xFF	; 255
  f8:	80 93 71 00 	sts	0x0071, r24	; 0x800071 <i>
  fc:	eb cf       	rjmp	.-42     	; 0xd4 <__stack+0x35>
D:\Electronica\Proyectos\NUT-engineering\Electronica y Robótica para Desarrollo\Modulos\Arrancador IR\v1\Programacion\Modulo-arrancador-N.E.-Team\Arrancador_N.E._attiny13a/Arrancador_N.E._attiny13a.ino:114
  fe:	83 30       	cpi	r24, 0x03	; 3
 100:	d9 f6       	brne	.-74     	; 0xb8 <__stack+0x19>
D:\Electronica\Proyectos\NUT-engineering\Electronica y Robótica para Desarrollo\Modulos\Arrancador IR\v1\Programacion\Modulo-arrancador-N.E.-Team\Arrancador_N.E._attiny13a/Arrancador_N.E._attiny13a.ino:115
 102:	88 b3       	in	r24, 0x18	; 24
 104:	85 60       	ori	r24, 0x05	; 5
 106:	88 bb       	out	0x18, r24	; 24
D:\Electronica\Proyectos\NUT-engineering\Electronica y Robótica para Desarrollo\Modulos\Arrancador IR\v1\Programacion\Modulo-arrancador-N.E.-Team\Arrancador_N.E._attiny13a/Arrancador_N.E._attiny13a.ino:117
 108:	80 91 72 00 	lds	r24, 0x0072	; 0x800072 <signal_available>
 10c:	81 11       	cpse	r24, r1
 10e:	01 c0       	rjmp	.+2      	; 0x112 <__stack+0x73>
 110:	ff cf       	rjmp	.-2      	; 0x110 <__stack+0x71>
D:\Electronica\Proyectos\NUT-engineering\Electronica y Robótica para Desarrollo\Modulos\Arrancador IR\v1\Programacion\Modulo-arrancador-N.E.-Team\Arrancador_N.E._attiny13a/Arrancador_N.E._attiny13a.ino:118
 112:	34 d0       	rcall	.+104    	; 0x17c <readSenalBytes()>
D:\Electronica\Proyectos\NUT-engineering\Electronica y Robótica para Desarrollo\Modulos\Arrancador IR\v1\Programacion\Modulo-arrancador-N.E.-Team\Arrancador_N.E._attiny13a/Arrancador_N.E._attiny13a.ino:119
 114:	80 e0       	ldi	r24, 0x00	; 0
 116:	5f d0       	rcall	.+190    	; 0x1d6 <WriteSenal_eeprom(unsigned char)>
D:\Electronica\Proyectos\NUT-engineering\Electronica y Robótica para Desarrollo\Modulos\Arrancador IR\v1\Programacion\Modulo-arrancador-N.E.-Team\Arrancador_N.E._attiny13a/Arrancador_N.E._attiny13a.ino:120
 118:	1f d0       	rcall	.+62     	; 0x158 <inticationLED()>
D:\Electronica\Proyectos\NUT-engineering\Electronica y Robótica para Desarrollo\Modulos\Arrancador IR\v1\Programacion\Modulo-arrancador-N.E.-Team\Arrancador_N.E._attiny13a/Arrancador_N.E._attiny13a.ino:122
 11a:	80 91 72 00 	lds	r24, 0x0072	; 0x800072 <signal_available>
 11e:	81 11       	cpse	r24, r1
 120:	01 c0       	rjmp	.+2      	; 0x124 <__stack+0x85>
 122:	ff cf       	rjmp	.-2      	; 0x122 <__stack+0x83>
D:\Electronica\Proyectos\NUT-engineering\Electronica y Robótica para Desarrollo\Modulos\Arrancador IR\v1\Programacion\Modulo-arrancador-N.E.-Team\Arrancador_N.E._attiny13a/Arrancador_N.E._attiny13a.ino:123
 124:	2b d0       	rcall	.+86     	; 0x17c <readSenalBytes()>
D:\Electronica\Proyectos\NUT-engineering\Electronica y Robótica para Desarrollo\Modulos\Arrancador IR\v1\Programacion\Modulo-arrancador-N.E.-Team\Arrancador_N.E._attiny13a/Arrancador_N.E._attiny13a.ino:124
 126:	81 e0       	ldi	r24, 0x01	; 1
 128:	56 d0       	rcall	.+172    	; 0x1d6 <WriteSenal_eeprom(unsigned char)>
D:\Electronica\Proyectos\NUT-engineering\Electronica y Robótica para Desarrollo\Modulos\Arrancador IR\v1\Programacion\Modulo-arrancador-N.E.-Team\Arrancador_N.E._attiny13a/Arrancador_N.E._attiny13a.ino:125
 12a:	16 d0       	rcall	.+44     	; 0x158 <inticationLED()>
D:\Electronica\Proyectos\NUT-engineering\Electronica y Robótica para Desarrollo\Modulos\Arrancador IR\v1\Programacion\Modulo-arrancador-N.E.-Team\Arrancador_N.E._attiny13a/Arrancador_N.E._attiny13a.ino:127
 12c:	80 91 72 00 	lds	r24, 0x0072	; 0x800072 <signal_available>
 130:	81 11       	cpse	r24, r1
 132:	01 c0       	rjmp	.+2      	; 0x136 <__stack+0x97>
 134:	ff cf       	rjmp	.-2      	; 0x134 <__stack+0x95>
D:\Electronica\Proyectos\NUT-engineering\Electronica y Robótica para Desarrollo\Modulos\Arrancador IR\v1\Programacion\Modulo-arrancador-N.E.-Team\Arrancador_N.E._attiny13a/Arrancador_N.E._attiny13a.ino:128
 136:	22 d0       	rcall	.+68     	; 0x17c <readSenalBytes()>
D:\Electronica\Proyectos\NUT-engineering\Electronica y Robótica para Desarrollo\Modulos\Arrancador IR\v1\Programacion\Modulo-arrancador-N.E.-Team\Arrancador_N.E._attiny13a/Arrancador_N.E._attiny13a.ino:129
 138:	82 e0       	ldi	r24, 0x02	; 2
 13a:	4d d0       	rcall	.+154    	; 0x1d6 <WriteSenal_eeprom(unsigned char)>
D:\Electronica\Proyectos\NUT-engineering\Electronica y Robótica para Desarrollo\Modulos\Arrancador IR\v1\Programacion\Modulo-arrancador-N.E.-Team\Arrancador_N.E._attiny13a/Arrancador_N.E._attiny13a.ino:130
 13c:	88 b3       	in	r24, 0x18	; 24
 13e:	8a 7f       	andi	r24, 0xFA	; 250
 140:	88 bb       	out	0x18, r24	; 24
_delay_ms():
c:\program files (x86)\arduino\hardware\tools\avr\avr\include\util/delay.h:187
 142:	2f ef       	ldi	r18, 0xFF	; 255
 144:	8d ee       	ldi	r24, 0xED	; 237
 146:	92 e0       	ldi	r25, 0x02	; 2
 148:	21 50       	subi	r18, 0x01	; 1
 14a:	80 40       	sbci	r24, 0x00	; 0
 14c:	90 40       	sbci	r25, 0x00	; 0
 14e:	e1 f7       	brne	.-8      	; 0x148 <__stack+0xa9>
 150:	00 c0       	rjmp	.+0      	; 0x152 <__stack+0xb3>
 152:	00 00       	nop
 154:	b1 cf       	rjmp	.-158    	; 0xb8 <__stack+0x19>

00000156 <__bad_interrupt>:
__vector_1():
 156:	54 cf       	rjmp	.-344    	; 0x0 <__vectors>

00000158 <inticationLED()>:
_Z13inticationLEDv():
D:\Electronica\Proyectos\NUT-engineering\Electronica y Robótica para Desarrollo\Modulos\Arrancador IR\v1\Programacion\Modulo-arrancador-N.E.-Team\Arrancador_N.E._attiny13a/Arrancador_N.E._attiny13a.ino:212
 158:	88 b3       	in	r24, 0x18	; 24
 15a:	8a 7f       	andi	r24, 0xFA	; 250
 15c:	88 bb       	out	0x18, r24	; 24
 15e:	85 ef       	ldi	r24, 0xF5	; 245
 160:	91 e0       	ldi	r25, 0x01	; 1
 162:	01 97       	sbiw	r24, 0x01	; 1
delay():
C:\Users\ponyj\AppData\Local\Arduino15\packages\MicroCore\hardware\avr\2.0.2\cores\microcore/wiring.c:138
 *
 * @param ms The number of milliseconds to pause
 */
void delay(uint16_t ms)
{
  while(ms--)
 164:	21 f4       	brne	.+8      	; 0x16e <inticationLED()+0x16>
_Z13inticationLEDv():
D:\Electronica\Proyectos\NUT-engineering\Electronica y Robótica para Desarrollo\Modulos\Arrancador IR\v1\Programacion\Modulo-arrancador-N.E.-Team\Arrancador_N.E._attiny13a/Arrancador_N.E._attiny13a.ino:218
 166:	88 b3       	in	r24, 0x18	; 24
 168:	85 60       	ori	r24, 0x05	; 5
 16a:	88 bb       	out	0x18, r24	; 24
D:\Electronica\Proyectos\NUT-engineering\Electronica y Robótica para Desarrollo\Modulos\Arrancador IR\v1\Programacion\Modulo-arrancador-N.E.-Team\Arrancador_N.E._attiny13a/Arrancador_N.E._attiny13a.ino:219
 16c:	08 95       	ret
_delay_ms():
c:\program files (x86)\arduino\hardware\tools\avr\avr\include\util/delay.h:187
 16e:	ef e5       	ldi	r30, 0x5F	; 95
 170:	f9 e0       	ldi	r31, 0x09	; 9
 172:	31 97       	sbiw	r30, 0x01	; 1
 174:	f1 f7       	brne	.-4      	; 0x172 <inticationLED()+0x1a>
 176:	00 c0       	rjmp	.+0      	; 0x178 <inticationLED()+0x20>
 178:	00 00       	nop
 17a:	f3 cf       	rjmp	.-26     	; 0x162 <inticationLED()+0xa>

0000017c <readSenalBytes()>:
_Z14readSenalBytesv():
D:\Electronica\Proyectos\NUT-engineering\Electronica y Robótica para Desarrollo\Modulos\Arrancador IR\v1\Programacion\Modulo-arrancador-N.E.-Team\Arrancador_N.E._attiny13a/Arrancador_N.E._attiny13a.ino:162
 17c:	10 92 60 00 	sts	0x0060, r1	; 0x800060 <__DATA_REGION_ORIGIN__>
 180:	80 91 60 00 	lds	r24, 0x0060	; 0x800060 <__DATA_REGION_ORIGIN__>
 184:	8c 30       	cpi	r24, 0x0C	; 12
 186:	18 f5       	brcc	.+70     	; 0x1ce <readSenalBytes()+0x52>
D:\Electronica\Proyectos\NUT-engineering\Electronica y Robótica para Desarrollo\Modulos\Arrancador IR\v1\Programacion\Modulo-arrancador-N.E.-Team\Arrancador_N.E._attiny13a/Arrancador_N.E._attiny13a.ino:163
 188:	10 92 71 00 	sts	0x0071, r1	; 0x800071 <i>
 18c:	e0 91 60 00 	lds	r30, 0x0060	; 0x800060 <__DATA_REGION_ORIGIN__>
 190:	80 91 71 00 	lds	r24, 0x0071	; 0x800071 <i>
 194:	88 30       	cpi	r24, 0x08	; 8
 196:	b8 f4       	brcc	.+46     	; 0x1c6 <readSenalBytes()+0x4a>
 198:	f0 e0       	ldi	r31, 0x00	; 0
 19a:	ef 59       	subi	r30, 0x9F	; 159
 19c:	ff 4f       	sbci	r31, 0xFF	; 255
D:\Electronica\Proyectos\NUT-engineering\Electronica y Robótica para Desarrollo\Modulos\Arrancador IR\v1\Programacion\Modulo-arrancador-N.E.-Team\Arrancador_N.E._attiny13a/Arrancador_N.E._attiny13a.ino:164
 19e:	b1 99       	sbic	0x16, 1	; 22
 1a0:	03 c0       	rjmp	.+6      	; 0x1a8 <readSenalBytes()+0x2c>
D:\Electronica\Proyectos\NUT-engineering\Electronica y Robótica para Desarrollo\Modulos\Arrancador IR\v1\Programacion\Modulo-arrancador-N.E.-Team\Arrancador_N.E._attiny13a/Arrancador_N.E._attiny13a.ino:165
 1a2:	80 81       	ld	r24, Z
 1a4:	81 60       	ori	r24, 0x01	; 1
 1a6:	80 83       	st	Z, r24
D:\Electronica\Proyectos\NUT-engineering\Electronica y Robótica para Desarrollo\Modulos\Arrancador IR\v1\Programacion\Modulo-arrancador-N.E.-Team\Arrancador_N.E._attiny13a/Arrancador_N.E._attiny13a.ino:167
 1a8:	80 81       	ld	r24, Z
 1aa:	88 0f       	add	r24, r24
 1ac:	80 83       	st	Z, r24
_delay_us():
c:\program files (x86)\arduino\hardware\tools\avr\avr\include\util/delay.h:276
	#else
		//round up by default
		__ticks_dc = (uint32_t)(ceil(fabs(__tmp)));
	#endif

	__builtin_avr_delay_cycles(__ticks_dc);
 1ae:	8f ea       	ldi	r24, 0xAF	; 175
 1b0:	94 e0       	ldi	r25, 0x04	; 4
 1b2:	01 97       	sbiw	r24, 0x01	; 1
 1b4:	f1 f7       	brne	.-4      	; 0x1b2 <readSenalBytes()+0x36>
 1b6:	00 c0       	rjmp	.+0      	; 0x1b8 <readSenalBytes()+0x3c>
 1b8:	00 00       	nop
_Z14readSenalBytesv():
D:\Electronica\Proyectos\NUT-engineering\Electronica y Robótica para Desarrollo\Modulos\Arrancador IR\v1\Programacion\Modulo-arrancador-N.E.-Team\Arrancador_N.E._attiny13a/Arrancador_N.E._attiny13a.ino:163
 1ba:	80 91 71 00 	lds	r24, 0x0071	; 0x800071 <i>
 1be:	8f 5f       	subi	r24, 0xFF	; 255
 1c0:	80 93 71 00 	sts	0x0071, r24	; 0x800071 <i>
 1c4:	e3 cf       	rjmp	.-58     	; 0x18c <readSenalBytes()+0x10>
D:\Electronica\Proyectos\NUT-engineering\Electronica y Robótica para Desarrollo\Modulos\Arrancador IR\v1\Programacion\Modulo-arrancador-N.E.-Team\Arrancador_N.E._attiny13a/Arrancador_N.E._attiny13a.ino:162
 1c6:	ef 5f       	subi	r30, 0xFF	; 255
 1c8:	e0 93 60 00 	sts	0x0060, r30	; 0x800060 <__DATA_REGION_ORIGIN__>
 1cc:	d9 cf       	rjmp	.-78     	; 0x180 <readSenalBytes()+0x4>
D:\Electronica\Proyectos\NUT-engineering\Electronica y Robótica para Desarrollo\Modulos\Arrancador IR\v1\Programacion\Modulo-arrancador-N.E.-Team\Arrancador_N.E._attiny13a/Arrancador_N.E._attiny13a.ino:171
 1ce:	10 92 72 00 	sts	0x0072, r1	; 0x800072 <signal_available>
D:\Electronica\Proyectos\NUT-engineering\Electronica y Robótica para Desarrollo\Modulos\Arrancador IR\v1\Programacion\Modulo-arrancador-N.E.-Team\Arrancador_N.E._attiny13a/Arrancador_N.E._attiny13a.ino:172
 1d2:	78 94       	sei
D:\Electronica\Proyectos\NUT-engineering\Electronica y Robótica para Desarrollo\Modulos\Arrancador IR\v1\Programacion\Modulo-arrancador-N.E.-Team\Arrancador_N.E._attiny13a/Arrancador_N.E._attiny13a.ino:173
 1d4:	08 95       	ret

000001d6 <WriteSenal_eeprom(unsigned char)>:
_Z17WriteSenal_eepromh():
D:\Electronica\Proyectos\NUT-engineering\Electronica y Robótica para Desarrollo\Modulos\Arrancador IR\v1\Programacion\Modulo-arrancador-N.E.-Team\Arrancador_N.E._attiny13a/Arrancador_N.E._attiny13a.ino:239
 1d6:	cf 93       	push	r28
 1d8:	df 93       	push	r29
D:\Electronica\Proyectos\NUT-engineering\Electronica y Robótica para Desarrollo\Modulos\Arrancador IR\v1\Programacion\Modulo-arrancador-N.E.-Team\Arrancador_N.E._attiny13a/Arrancador_N.E._attiny13a.ino:240
 1da:	10 92 71 00 	sts	0x0071, r1	; 0x800071 <i>
D:\Electronica\Proyectos\NUT-engineering\Electronica y Robótica para Desarrollo\Modulos\Arrancador IR\v1\Programacion\Modulo-arrancador-N.E.-Team\Arrancador_N.E._attiny13a/Arrancador_N.E._attiny13a.ino:241
 1de:	90 e0       	ldi	r25, 0x00	; 0
 1e0:	6c e0       	ldi	r22, 0x0C	; 12
 1e2:	70 e0       	ldi	r23, 0x00	; 0
 1e4:	93 d0       	rcall	.+294    	; 0x30c <__mulhi3>
 1e6:	ec 01       	movw	r28, r24
D:\Electronica\Proyectos\NUT-engineering\Electronica y Robótica para Desarrollo\Modulos\Arrancador IR\v1\Programacion\Modulo-arrancador-N.E.-Team\Arrancador_N.E._attiny13a/Arrancador_N.E._attiny13a.ino:240
 1e8:	80 91 71 00 	lds	r24, 0x0071	; 0x800071 <i>
 1ec:	8c 30       	cpi	r24, 0x0C	; 12
 1ee:	78 f4       	brcc	.+30     	; 0x20e <WriteSenal_eeprom(unsigned char)+0x38>
D:\Electronica\Proyectos\NUT-engineering\Electronica y Robótica para Desarrollo\Modulos\Arrancador IR\v1\Programacion\Modulo-arrancador-N.E.-Team\Arrancador_N.E._attiny13a/Arrancador_N.E._attiny13a.ino:241
 1f0:	90 e0       	ldi	r25, 0x00	; 0
 1f2:	fc 01       	movw	r30, r24
 1f4:	ef 59       	subi	r30, 0x9F	; 159
 1f6:	ff 4f       	sbci	r31, 0xFF	; 255
 1f8:	01 96       	adiw	r24, 0x01	; 1
operator=():
C:\Users\ponyj\AppData\Local\Arduino15\packages\MicroCore\hardware\avr\2.0.2\libraries\EEPROM\src/EEPROM.h:47
    uint8_t operator*() const            { return eeprom_read_byte( (uint8_t*) index ); }
    operator uint8_t() const             { return **this; }
    
    //Assignment/write members.
    EERef &operator=( const EERef &ref ) { return *this = *ref; }
    EERef &operator=( uint8_t in )       { return eeprom_write_byte( (uint8_t*) index, in ), *this;  }
 1fa:	60 81       	ld	r22, Z
 1fc:	8c 0f       	add	r24, r28
 1fe:	9d 1f       	adc	r25, r29
 200:	78 d0       	rcall	.+240    	; 0x2f2 <eeprom_write_byte>
_Z17WriteSenal_eepromh():
D:\Electronica\Proyectos\NUT-engineering\Electronica y Robótica para Desarrollo\Modulos\Arrancador IR\v1\Programacion\Modulo-arrancador-N.E.-Team\Arrancador_N.E._attiny13a/Arrancador_N.E._attiny13a.ino:240
 202:	80 91 71 00 	lds	r24, 0x0071	; 0x800071 <i>
 206:	8f 5f       	subi	r24, 0xFF	; 255
 208:	80 93 71 00 	sts	0x0071, r24	; 0x800071 <i>
 20c:	ed cf       	rjmp	.-38     	; 0x1e8 <WriteSenal_eeprom(unsigned char)+0x12>
D:\Electronica\Proyectos\NUT-engineering\Electronica y Robótica para Desarrollo\Modulos\Arrancador IR\v1\Programacion\Modulo-arrancador-N.E.-Team\Arrancador_N.E._attiny13a/Arrancador_N.E._attiny13a.ino:243
 20e:	df 91       	pop	r29
 210:	cf 91       	pop	r28
 212:	08 95       	ret

00000214 <Compare_Senals(unsigned char)>:
_Z14Compare_Senalsh():
D:\Electronica\Proyectos\NUT-engineering\Electronica y Robótica para Desarrollo\Modulos\Arrancador IR\v1\Programacion\Modulo-arrancador-N.E.-Team\Arrancador_N.E._attiny13a/Arrancador_N.E._attiny13a.ino:221
 214:	ef 92       	push	r14
 216:	ff 92       	push	r15
 218:	0f 93       	push	r16
 21a:	1f 93       	push	r17
 21c:	cf 93       	push	r28
 21e:	df 93       	push	r29
D:\Electronica\Proyectos\NUT-engineering\Electronica y Robótica para Desarrollo\Modulos\Arrancador IR\v1\Programacion\Modulo-arrancador-N.E.-Team\Arrancador_N.E._attiny13a/Arrancador_N.E._attiny13a.ino:222
 220:	10 92 60 00 	sts	0x0060, r1	; 0x800060 <__DATA_REGION_ORIGIN__>
D:\Electronica\Proyectos\NUT-engineering\Electronica y Robótica para Desarrollo\Modulos\Arrancador IR\v1\Programacion\Modulo-arrancador-N.E.-Team\Arrancador_N.E._attiny13a/Arrancador_N.E._attiny13a.ino:223
 224:	10 92 71 00 	sts	0x0071, r1	; 0x800071 <i>
D:\Electronica\Proyectos\NUT-engineering\Electronica y Robótica para Desarrollo\Modulos\Arrancador IR\v1\Programacion\Modulo-arrancador-N.E.-Team\Arrancador_N.E._attiny13a/Arrancador_N.E._attiny13a.ino:224
 228:	90 e0       	ldi	r25, 0x00	; 0
 22a:	6c e0       	ldi	r22, 0x0C	; 12
 22c:	70 e0       	ldi	r23, 0x00	; 0
 22e:	6e d0       	rcall	.+220    	; 0x30c <__mulhi3>
 230:	7c 01       	movw	r14, r24
D:\Electronica\Proyectos\NUT-engineering\Electronica y Robótica para Desarrollo\Modulos\Arrancador IR\v1\Programacion\Modulo-arrancador-N.E.-Team\Arrancador_N.E._attiny13a/Arrancador_N.E._attiny13a.ino:223
 232:	10 91 71 00 	lds	r17, 0x0071	; 0x800071 <i>
 236:	00 91 60 00 	lds	r16, 0x0060	; 0x800060 <__DATA_REGION_ORIGIN__>
 23a:	1c 30       	cpi	r17, 0x0C	; 12
 23c:	98 f4       	brcc	.+38     	; 0x264 <Compare_Senals(unsigned char)+0x50>
D:\Electronica\Proyectos\NUT-engineering\Electronica y Robótica para Desarrollo\Modulos\Arrancador IR\v1\Programacion\Modulo-arrancador-N.E.-Team\Arrancador_N.E._attiny13a/Arrancador_N.E._attiny13a.ino:224
 23e:	c1 2f       	mov	r28, r17
 240:	d0 e0       	ldi	r29, 0x00	; 0
 242:	21 96       	adiw	r28, 0x01	; 1
operator*():
C:\Users\ponyj\AppData\Local\Arduino15\packages\MicroCore\hardware\avr\2.0.2\libraries\EEPROM\src/EEPROM.h:42

    EERef( const int index )
        : index( index )                 {}
    
    //Access/read members.
    uint8_t operator*() const            { return eeprom_read_byte( (uint8_t*) index ); }
 244:	ce 01       	movw	r24, r28
 246:	8e 0d       	add	r24, r14
 248:	9f 1d       	adc	r25, r15
 24a:	4c d0       	rcall	.+152    	; 0x2e4 <eeprom_read_byte>
_Z14Compare_Senalsh():
D:\Electronica\Proyectos\NUT-engineering\Electronica y Robótica para Desarrollo\Modulos\Arrancador IR\v1\Programacion\Modulo-arrancador-N.E.-Team\Arrancador_N.E._attiny13a/Arrancador_N.E._attiny13a.ino:224
 24c:	cf 59       	subi	r28, 0x9F	; 159
 24e:	df 4f       	sbci	r29, 0xFF	; 255
 250:	98 81       	ld	r25, Y
 252:	98 13       	cpse	r25, r24
 254:	03 c0       	rjmp	.+6      	; 0x25c <Compare_Senals(unsigned char)+0x48>
D:\Electronica\Proyectos\NUT-engineering\Electronica y Robótica para Desarrollo\Modulos\Arrancador IR\v1\Programacion\Modulo-arrancador-N.E.-Team\Arrancador_N.E._attiny13a/Arrancador_N.E._attiny13a.ino:225
 256:	0f 5f       	subi	r16, 0xFF	; 255
 258:	00 93 60 00 	sts	0x0060, r16	; 0x800060 <__DATA_REGION_ORIGIN__>
D:\Electronica\Proyectos\NUT-engineering\Electronica y Robótica para Desarrollo\Modulos\Arrancador IR\v1\Programacion\Modulo-arrancador-N.E.-Team\Arrancador_N.E._attiny13a/Arrancador_N.E._attiny13a.ino:223
 25c:	1f 5f       	subi	r17, 0xFF	; 255
 25e:	10 93 71 00 	sts	0x0071, r17	; 0x800071 <i>
 262:	e7 cf       	rjmp	.-50     	; 0x232 <Compare_Senals(unsigned char)+0x1e>
D:\Electronica\Proyectos\NUT-engineering\Electronica y Robótica para Desarrollo\Modulos\Arrancador IR\v1\Programacion\Modulo-arrancador-N.E.-Team\Arrancador_N.E._attiny13a/Arrancador_N.E._attiny13a.ino:231
 264:	81 e0       	ldi	r24, 0x01	; 1
 266:	0a 30       	cpi	r16, 0x0A	; 10
 268:	08 f4       	brcc	.+2      	; 0x26c <Compare_Senals(unsigned char)+0x58>
 26a:	80 e0       	ldi	r24, 0x00	; 0
D:\Electronica\Proyectos\NUT-engineering\Electronica y Robótica para Desarrollo\Modulos\Arrancador IR\v1\Programacion\Modulo-arrancador-N.E.-Team\Arrancador_N.E._attiny13a/Arrancador_N.E._attiny13a.ino:237
 26c:	df 91       	pop	r29
 26e:	cf 91       	pop	r28
 270:	1f 91       	pop	r17
 272:	0f 91       	pop	r16
 274:	ff 90       	pop	r15
 276:	ef 90       	pop	r14
 278:	08 95       	ret

0000027a <__vector_3>:
__vector_3():
C:\Users\ponyj\AppData\Local\Arduino15\packages\MicroCore\hardware\avr\2.0.2\cores\microcore/wiring.c:53
#ifdef ENABLE_MICROS
// timer0 count variable
volatile uint32_t timer0_overflow = 0;
// This will cause an interrupt every 256*64 clock cycle
ISR(TIM0_OVF_vect)
{
 27a:	1f 92       	push	r1
 27c:	0f 92       	push	r0
 27e:	0f b6       	in	r0, 0x3f	; 63
 280:	0f 92       	push	r0
 282:	11 24       	eor	r1, r1
 284:	8f 93       	push	r24
 286:	9f 93       	push	r25
 288:	af 93       	push	r26
 28a:	bf 93       	push	r27
C:\Users\ponyj\AppData\Local\Arduino15\packages\MicroCore\hardware\avr\2.0.2\cores\microcore/wiring.c:54
  timer0_overflow++; // Increment counter by one
 28c:	80 91 6d 00 	lds	r24, 0x006D	; 0x80006d <timer0_overflow>
 290:	90 91 6e 00 	lds	r25, 0x006E	; 0x80006e <timer0_overflow+0x1>
 294:	a0 91 6f 00 	lds	r26, 0x006F	; 0x80006f <timer0_overflow+0x2>
 298:	b0 91 70 00 	lds	r27, 0x0070	; 0x800070 <timer0_overflow+0x3>
 29c:	01 96       	adiw	r24, 0x01	; 1
 29e:	a1 1d       	adc	r26, r1
 2a0:	b1 1d       	adc	r27, r1
 2a2:	80 93 6d 00 	sts	0x006D, r24	; 0x80006d <timer0_overflow>
 2a6:	90 93 6e 00 	sts	0x006E, r25	; 0x80006e <timer0_overflow+0x1>
 2aa:	a0 93 6f 00 	sts	0x006F, r26	; 0x80006f <timer0_overflow+0x2>
 2ae:	b0 93 70 00 	sts	0x0070, r27	; 0x800070 <timer0_overflow+0x3>
C:\Users\ponyj\AppData\Local\Arduino15\packages\MicroCore\hardware\avr\2.0.2\cores\microcore/wiring.c:55
}
 2b2:	bf 91       	pop	r27
 2b4:	af 91       	pop	r26
 2b6:	9f 91       	pop	r25
 2b8:	8f 91       	pop	r24
 2ba:	0f 90       	pop	r0
 2bc:	0f be       	out	0x3f, r0	; 63
 2be:	0f 90       	pop	r0
 2c0:	1f 90       	pop	r1
 2c2:	18 95       	reti

000002c4 <EXT_INT0>:
EXT_INT0():
D:\Electronica\Proyectos\NUT-engineering\Electronica y Robótica para Desarrollo\Modulos\Arrancador IR\v1\Programacion\Modulo-arrancador-N.E.-Team\Arrancador_N.E._attiny13a/Arrancador_N.E._attiny13a.ino:141
 2c4:	1f 92       	push	r1
 2c6:	0f 92       	push	r0
 2c8:	0f b6       	in	r0, 0x3f	; 63
 2ca:	0f 92       	push	r0
 2cc:	11 24       	eor	r1, r1
 2ce:	8f 93       	push	r24
D:\Electronica\Proyectos\NUT-engineering\Electronica y Robótica para Desarrollo\Modulos\Arrancador IR\v1\Programacion\Modulo-arrancador-N.E.-Team\Arrancador_N.E._attiny13a/Arrancador_N.E._attiny13a.ino:142
 2d0:	81 e0       	ldi	r24, 0x01	; 1
 2d2:	80 93 72 00 	sts	0x0072, r24	; 0x800072 <signal_available>
D:\Electronica\Proyectos\NUT-engineering\Electronica y Robótica para Desarrollo\Modulos\Arrancador IR\v1\Programacion\Modulo-arrancador-N.E.-Team\Arrancador_N.E._attiny13a/Arrancador_N.E._attiny13a.ino:143
 2d6:	f8 94       	cli
D:\Electronica\Proyectos\NUT-engineering\Electronica y Robótica para Desarrollo\Modulos\Arrancador IR\v1\Programacion\Modulo-arrancador-N.E.-Team\Arrancador_N.E._attiny13a/Arrancador_N.E._attiny13a.ino:144
 2d8:	8f 91       	pop	r24
 2da:	0f 90       	pop	r0
 2dc:	0f be       	out	0x3f, r0	; 63
 2de:	0f 90       	pop	r0
 2e0:	1f 90       	pop	r1
 2e2:	18 95       	reti

000002e4 <eeprom_read_byte>:
eeprom_read_byte():
 2e4:	e1 99       	sbic	0x1c, 1	; 28
 2e6:	fe cf       	rjmp	.-4      	; 0x2e4 <eeprom_read_byte>
 2e8:	8e bb       	out	0x1e, r24	; 30
 2ea:	e0 9a       	sbi	0x1c, 0	; 28
 2ec:	99 27       	eor	r25, r25
 2ee:	8d b3       	in	r24, 0x1d	; 29
 2f0:	08 95       	ret

000002f2 <eeprom_write_byte>:
eeprom_write_byte():
 2f2:	26 2f       	mov	r18, r22

000002f4 <eeprom_write_r18>:
 2f4:	e1 99       	sbic	0x1c, 1	; 28
 2f6:	fe cf       	rjmp	.-4      	; 0x2f4 <eeprom_write_r18>
 2f8:	1c ba       	out	0x1c, r1	; 28
 2fa:	8e bb       	out	0x1e, r24	; 30
 2fc:	2d bb       	out	0x1d, r18	; 29
 2fe:	0f b6       	in	r0, 0x3f	; 63
 300:	f8 94       	cli
 302:	e2 9a       	sbi	0x1c, 2	; 28
 304:	e1 9a       	sbi	0x1c, 1	; 28
 306:	0f be       	out	0x3f, r0	; 63
 308:	01 96       	adiw	r24, 0x01	; 1
 30a:	08 95       	ret

0000030c <__mulhi3>:
__mulhi3():
/home/jenkins-mingw32/workspace/avr-gcc-staging/label/Ubuntu14.04x64-mingw32/gcc-build/avr/avr25/tiny-stack/libgcc/../../../../../gcc/libgcc/config/avr/lib1funcs.S:312
 30c:	00 24       	eor	r0, r0
/home/jenkins-mingw32/workspace/avr-gcc-staging/label/Ubuntu14.04x64-mingw32/gcc-build/avr/avr25/tiny-stack/libgcc/../../../../../gcc/libgcc/config/avr/lib1funcs.S:313
 30e:	55 27       	eor	r21, r21
/home/jenkins-mingw32/workspace/avr-gcc-staging/label/Ubuntu14.04x64-mingw32/gcc-build/avr/avr25/tiny-stack/libgcc/../../../../../gcc/libgcc/config/avr/lib1funcs.S:314
 310:	04 c0       	rjmp	.+8      	; 0x31a <__mulhi3+0xe>
/home/jenkins-mingw32/workspace/avr-gcc-staging/label/Ubuntu14.04x64-mingw32/gcc-build/avr/avr25/tiny-stack/libgcc/../../../../../gcc/libgcc/config/avr/lib1funcs.S:317
 312:	08 0e       	add	r0, r24
/home/jenkins-mingw32/workspace/avr-gcc-staging/label/Ubuntu14.04x64-mingw32/gcc-build/avr/avr25/tiny-stack/libgcc/../../../../../gcc/libgcc/config/avr/lib1funcs.S:318
 314:	59 1f       	adc	r21, r25
/home/jenkins-mingw32/workspace/avr-gcc-staging/label/Ubuntu14.04x64-mingw32/gcc-build/avr/avr25/tiny-stack/libgcc/../../../../../gcc/libgcc/config/avr/lib1funcs.S:320
 316:	88 0f       	add	r24, r24
/home/jenkins-mingw32/workspace/avr-gcc-staging/label/Ubuntu14.04x64-mingw32/gcc-build/avr/avr25/tiny-stack/libgcc/../../../../../gcc/libgcc/config/avr/lib1funcs.S:321
 318:	99 1f       	adc	r25, r25
/home/jenkins-mingw32/workspace/avr-gcc-staging/label/Ubuntu14.04x64-mingw32/gcc-build/avr/avr25/tiny-stack/libgcc/../../../../../gcc/libgcc/config/avr/lib1funcs.S:324
 31a:	00 97       	sbiw	r24, 0x00	; 0
/home/jenkins-mingw32/workspace/avr-gcc-staging/label/Ubuntu14.04x64-mingw32/gcc-build/avr/avr25/tiny-stack/libgcc/../../../../../gcc/libgcc/config/avr/lib1funcs.S:325
 31c:	29 f0       	breq	.+10     	; 0x328 <__mulhi3+0x1c>
/home/jenkins-mingw32/workspace/avr-gcc-staging/label/Ubuntu14.04x64-mingw32/gcc-build/avr/avr25/tiny-stack/libgcc/../../../../../gcc/libgcc/config/avr/lib1funcs.S:328
 31e:	76 95       	lsr	r23
/home/jenkins-mingw32/workspace/avr-gcc-staging/label/Ubuntu14.04x64-mingw32/gcc-build/avr/avr25/tiny-stack/libgcc/../../../../../gcc/libgcc/config/avr/lib1funcs.S:329
 320:	67 95       	ror	r22
/home/jenkins-mingw32/workspace/avr-gcc-staging/label/Ubuntu14.04x64-mingw32/gcc-build/avr/avr25/tiny-stack/libgcc/../../../../../gcc/libgcc/config/avr/lib1funcs.S:331
 322:	b8 f3       	brcs	.-18     	; 0x312 <__mulhi3+0x6>
/home/jenkins-mingw32/workspace/avr-gcc-staging/label/Ubuntu14.04x64-mingw32/gcc-build/avr/avr25/tiny-stack/libgcc/../../../../../gcc/libgcc/config/avr/lib1funcs.S:335
 324:	71 05       	cpc	r23, r1
/home/jenkins-mingw32/workspace/avr-gcc-staging/label/Ubuntu14.04x64-mingw32/gcc-build/avr/avr25/tiny-stack/libgcc/../../../../../gcc/libgcc/config/avr/lib1funcs.S:337
 326:	b9 f7       	brne	.-18     	; 0x316 <__mulhi3+0xa>
/home/jenkins-mingw32/workspace/avr-gcc-staging/label/Ubuntu14.04x64-mingw32/gcc-build/avr/avr25/tiny-stack/libgcc/../../../../../gcc/libgcc/config/avr/lib1funcs.S:340
 328:	80 2d       	mov	r24, r0
/home/jenkins-mingw32/workspace/avr-gcc-staging/label/Ubuntu14.04x64-mingw32/gcc-build/avr/avr25/tiny-stack/libgcc/../../../../../gcc/libgcc/config/avr/lib1funcs.S:341
 32a:	95 2f       	mov	r25, r21
/home/jenkins-mingw32/workspace/avr-gcc-staging/label/Ubuntu14.04x64-mingw32/gcc-build/avr/avr25/tiny-stack/libgcc/../../../../../gcc/libgcc/config/avr/lib1funcs.S:342
 32c:	08 95       	ret

0000032e <_exit>:
exit():
/home/jenkins-mingw32/workspace/avr-gcc-staging/label/Ubuntu14.04x64-mingw32/gcc-build/avr/avr25/tiny-stack/libgcc/../../../../../gcc/libgcc/config/avr/lib1funcs.S:2278
 32e:	f8 94       	cli

00000330 <__stop_program>:
__stop_program():
/home/jenkins-mingw32/workspace/avr-gcc-staging/label/Ubuntu14.04x64-mingw32/gcc-build/avr/avr25/tiny-stack/libgcc/../../../../../gcc/libgcc/config/avr/lib1funcs.S:2280
 330:	ff cf       	rjmp	.-2      	; 0x330 <__stop_program>
